/*C4*/SET SCHEMA PUBLIC
CONNECT USER SA
/*C5*/SET SCHEMA PUBLIC
CONNECT USER SA
/*C6*/SET SCHEMA PUBLIC
CONNECT USER SA
/*C5*/alter table CustomerLog drop constraint FKF9C9DE66EE46F0F8
alter table CustomerLog drop constraint FKF9C9DE66610B879
alter table Ship drop constraint FK274E5C8856B03F
alter table Voyage drop constraint FK9915703F383DAF58
drop table Customer if exists
drop table CustomerLog if exists
drop table Nationry if exists
drop table Ship if exists
drop table ShippingCompany if exists
drop table Voyage if exists
create table Customer (id bigint generated by default as identity (start with 1), PSBString varchar(255), beginningDate date, birthday date, expirationDate date, idcardNum varchar(30) not null, nativePlace varchar(255), residentialAddress varchar(255), sex integer, primary key (id), unique (idcardNum))
create table CustomerLog (id bigint generated by default as identity (start with 1), embarkingDate date, customer_id bigint, voyage_Id bigint, primary key (id))
create table Nationry (rybh bigint not null, idcardNum varchar(30) not null, primary key (rybh), unique (idcardNum))
create table Ship (id bigint generated by default as identity (start with 1), capacity integer not null, name varchar(255) not null, SHIP_SHIPPINGCOMPANY_ID bigint, primary key (id), unique (name))
create table ShippingCompany (id bigint generated by default as identity (start with 1), legalRepresentative varchar(255), name varchar(255) not null, primary key (id), unique (name))
create table Voyage (Id bigint generated by default as identity (start with 1), arriveTime date, leaveTime date, status integer, VOYAGE_NUM varchar(255) not null, ship_id bigint, primary key (Id), unique (VOYAGE_NUM))
alter table CustomerLog add constraint FKF9C9DE66EE46F0F8 foreign key (voyage_Id) references Voyage
alter table CustomerLog add constraint FKF9C9DE66610B879 foreign key (customer_id) references Customer
alter table Ship add constraint FK274E5C8856B03F foreign key (SHIP_SHIPPINGCOMPANY_ID) references ShippingCompany
alter table Voyage add constraint FK9915703F383DAF58 foreign key (ship_id) references Ship
SET AUTOCOMMIT FALSE
